=== design, 1992-1995 ===
  N = 3414, T = p = 4, Q = (T-1)p = 12
  atom P(det=0)     : 0.0000
  median |det|      : 5.9656e-03
  |det| at q10      : 5.0480e-04
  median cond(X_i)  : 5848
  a_hat in f(h)~h^a : -0.076

=== average input elasticities ===
  Panel A: gp_estimator2   Panel B: ll_estimator2 (m=1, c=30)
  trim  stayers        h0 |                 K                 L               INT
    2%      68  5.129e-05 |     0.177(0.614)     0.480(0.558)     0.045(0.321)
                              |     0.197(0.623)     0.526(0.594)     0.009(0.345)   <- LL
    4%     137  1.561e-04 |     0.297(0.220)     0.591(0.341)     0.294(0.169)
                              |     0.306(0.241)     0.561(0.360)     0.307(0.176)   <- LL
    6%     205  2.770e-04 |     0.205(0.214)     0.373(0.291)     0.334(0.139)
                              |     0.197(0.228)     0.390(0.293)     0.336(0.143)   <- LL
    8%     273  3.823e-04 |     0.107(0.195)     0.301(0.244)     0.287(0.115)
                              |     0.077(0.200)     0.357(0.249)     0.289(0.115)   <- LL
   10%     341  5.048e-04 |     0.144(0.172)     0.289(0.227)     0.380(0.101)
                              |     0.120(0.174)     0.356(0.231)     0.378(0.100)   <- LL

=== estimated drift delta_t at 10% trimming (341 stayers) ===
  year          const             K             L           INT
  1993    -0.459(0.251)   -0.065(0.030)    0.008(0.065)    0.091(0.038)
  1994    -1.270(0.460)   -0.108(0.049)   -0.082(0.123)    0.227(0.066)
  1995    -1.630(0.543)   -0.107(0.062)   -0.169(0.161)    0.286(0.080)
  H0: delta = 0   Wald = 26.75  df = 12  p = 0.0084

  pooled OLS (base year) :    0.112    0.224    0.715
  within     (base year) :    0.044    0.257    0.486
